 IDNDemo

 Timestamp is 49a79dd1 (Fri Feb 27 16:01:21 2009)

 Preferred load address is 00400000

 Start         Length     Name                   Class
 0001:00000000 000024a5H .text                   CODE
 0001:000024b0 000010edH .text$x                 CODE
 0002:00000000 000005aeH .rdata                  DATA
 0002:000005b0 00000276H .xdata$x                DATA
 0002:00000826 00000000H .edata                  DATA
 0003:00000000 00000104H .CRT$XCA                DATA
 0003:00000104 00000104H .CRT$XCL                DATA
 0003:00000208 00000104H .CRT$XCU                DATA
 0003:0000030c 00000104H .CRT$XCZ                DATA
 0003:00000410 00000104H .CRT$XIA                DATA
 0003:00000514 00000104H .CRT$XIZ                DATA
 0003:00000620 000001bbH .data                   DATA
 0003:000007e0 0000014cH .bss                    DATA
 0004:00000000 00000078H .idata$2                DATA
 0004:00000078 00000014H .idata$3                DATA
 0004:0000008c 000003b0H .idata$4                DATA
 0004:0000043c 000003b0H .idata$5                DATA
 0004:000007ec 000002afH .idata$6                DATA
 0005:00000000 0000038cH .rsrc$01                DATA
 0005:00000390 00000be9H .rsrc$02                DATA

  Address         Publics by Value              Rva+Base     Lib:Object

 0001:00000120       ?_GetBaseMessageMap@CIDNDemoApp@@KGPBUAFX_MSGMAP@@XZ 00401120 f   IDNDemo.obj
 0001:0000012a       ?GetMessageMap@CIDNDemoApp@@MBEPBUAFX_MSGMAP@@XZ 0040112a f   IDNDemo.obj
 0001:00000141       ??0CIDNDemoApp@@QAE@XZ     00401141 f   IDNDemo.obj
 0001:000001ce       ?InitInstance@CIDNDemoApp@@UAEHXZ 004011ce f   IDNDemo.obj
 0001:000002f0       ??_GCIDNDemoApp@@UAEPAXI@Z 004012f0 f i IDNDemo.obj
 0001:000002f0       ??_ECIDNDemoApp@@UAEPAXI@Z 004012f0 f i IDNDemo.obj
 0001:00000340       ??1CIDNDemoApp@@UAE@XZ     00401340 f i IDNDemo.obj
 0001:00000370       ??1CIDNDemoDlg@@UAE@XZ     00401370 f i IDNDemo.obj
 0001:00000400       ??0CAboutDlg@@QAE@XZ       00401400 f   IDNDemoDlg.obj
 0001:00000434       ?DoDataExchange@CAboutDlg@@MAEXPAVCDataExchange@@@Z 00401434 f   IDNDemoDlg.obj
 0001:0000045e       ?_GetBaseMessageMap@CAboutDlg@@KGPBUAFX_MSGMAP@@XZ 0040145e f   IDNDemoDlg.obj
 0001:00000468       ?GetMessageMap@CAboutDlg@@MBEPBUAFX_MSGMAP@@XZ 00401468 f   IDNDemoDlg.obj
 0001:0000047f       ??0CIDNDemoDlg@@QAE@PAVCWnd@@@Z 0040147f f   IDNDemoDlg.obj
 0001:00000532       ?DoDataExchange@CIDNDemoDlg@@MAEXPAVCDataExchange@@@Z 00401532 f   IDNDemoDlg.obj
 0001:00000588       ?_GetBaseMessageMap@CIDNDemoDlg@@KGPBUAFX_MSGMAP@@XZ 00401588 f   IDNDemoDlg.obj
 0001:00000592       ?GetMessageMap@CIDNDemoDlg@@MBEPBUAFX_MSGMAP@@XZ 00401592 f   IDNDemoDlg.obj
 0001:000005a9       ?OnInitDialog@CIDNDemoDlg@@MAEHXZ 004015a9 f   IDNDemoDlg.obj
 0001:000006b6       ?OnSysCommand@CIDNDemoDlg@@IAEXIJ@Z 004016b6 f   IDNDemoDlg.obj
 0001:00000746       ?OnPaint@CIDNDemoDlg@@IAEXXZ 00401746 f   IDNDemoDlg.obj
 0001:0000087f       ?OnQueryDragIcon@CIDNDemoDlg@@IAEPAUHICON__@@XZ 0040187f f   IDNDemoDlg.obj
 0001:0000089a       ?OnEditchangeCombo1@CIDNDemoDlg@@IAEXXZ 0040189a f   IDNDemoDlg.obj
 0001:000008ac       ?OnButton1@CIDNDemoDlg@@IAEXXZ 004018ac f   IDNDemoDlg.obj
 0001:000008be       ?OnOK@CIDNDemoDlg@@MAEXXZ  004018be f   IDNDemoDlg.obj
 0001:00000c10       ??_ECAboutDlg@@UAEPAXI@Z   00401c10 f i IDNDemoDlg.obj
 0001:00000c10       ??_GCAboutDlg@@UAEPAXI@Z   00401c10 f i IDNDemoDlg.obj
 0001:00000c60       ??1CAboutDlg@@UAE@XZ       00401c60 f i IDNDemoDlg.obj
 0001:00000c90       ??_GCIDNDemoDlg@@UAEPAXI@Z 00401c90 f i IDNDemoDlg.obj
 0001:00000c90       ??_ECIDNDemoDlg@@UAEPAXI@Z 00401c90 f i IDNDemoDlg.obj
 0001:00000cdc       _ReadUSB@12                00401cdc f   RigolUSBTMC:RigolTMCUsb_UI.dll
 0001:00000ce2       _WriteUSB@20               00401ce2 f   RigolUSBTMC:RigolTMCUsb_UI.dll
 0001:00000ce8       _GetTMCDeviceNum@0         00401ce8 f   RigolUSBTMC:RigolTMCUsb_UI.dll
 0001:00000cee       ?OnHelp@CWinApp@@IAEXXZ    00401cee f   mfc42d:MFC42D.DLL
 0001:00000cf4       ?WinHelpA@CWinApp@@UAEXKI@Z 00401cf4 f   mfc42d:MFC42D.DLL
 0001:00000cfa       ?OnDDECommand@CWinApp@@UAEHPAD@Z 00401cfa f   mfc42d:MFC42D.DLL
 0001:00000d00       ?DoWaitCursor@CWinApp@@UAEXH@Z 00401d00 f   mfc42d:MFC42D.DLL
 0001:00000d06       ?DoMessageBox@CWinApp@@UAEHPBDII@Z 00401d06 f   mfc42d:MFC42D.DLL
 0001:00000d0c       ?SaveAllModified@CWinApp@@UAEHXZ 00401d0c f   mfc42d:MFC42D.DLL
 0001:00000d12       ?InitApplication@CWinApp@@UAEHXZ 00401d12 f   mfc42d:MFC42D.DLL
 0001:00000d18       ?AddToRecentFileList@CWinApp@@UAEXPBD@Z 00401d18 f   mfc42d:MFC42D.DLL
 0001:00000d1e       ?OpenDocumentFile@CWinApp@@UAEPAVCDocument@@PBD@Z 00401d1e f   mfc42d:MFC42D.DLL
 0001:00000d24       ?Delete@CWinThread@@UAEXXZ 00401d24 f   mfc42d:MFC42D.DLL
 0001:00000d2a       ?GetMainWnd@CWinThread@@UAEPAVCWnd@@XZ 00401d2a f   mfc42d:MFC42D.DLL
 0001:00000d30       ?ProcessMessageFilter@CWinThread@@UAEHHPAUtagMSG@@@Z 00401d30 f   mfc42d:MFC42D.DLL
 0001:00000d36       ?ProcessWndProcException@CWinApp@@UAEJPAVCException@@PBUtagMSG@@@Z 00401d36 f   mfc42d:MFC42D.DLL
 0001:00000d3c       ?ExitInstance@CWinApp@@UAEHXZ 00401d3c f   mfc42d:MFC42D.DLL
 0001:00000d42       ?IsIdleMessage@CWinThread@@UAEHPAUtagMSG@@@Z 00401d42 f   mfc42d:MFC42D.DLL
 0001:00000d48       ?OnIdle@CWinApp@@UAEHJ@Z   00401d48 f   mfc42d:MFC42D.DLL
 0001:00000d4e       ?PumpMessage@CWinThread@@UAEHXZ 00401d4e f   mfc42d:MFC42D.DLL
 0001:00000d54       ?PreTranslateMessage@CWinThread@@UAEHPAUtagMSG@@@Z 00401d54 f   mfc42d:MFC42D.DLL
 0001:00000d5a       ?Run@CWinApp@@UAEHXZ       00401d5a f   mfc42d:MFC42D.DLL
 0001:00000d60       ?GetConnectionHook@CCmdTarget@@MAEPAUIConnectionPoint@@ABU_GUID@@@Z 00401d60 f   mfc42d:MFC42D.DLL
 0001:00000d66       ?GetExtraConnectionPoints@CCmdTarget@@MAEHPAVCPtrArray@@@Z 00401d66 f   mfc42d:MFC42D.DLL
 0001:00000d6c       ?GetInterfaceHook@CCmdTarget@@UAEPAUIUnknown@@PBX@Z 00401d6c f   mfc42d:MFC42D.DLL
 0001:00000d72       ?OnCreateAggregates@CCmdTarget@@UAEHXZ 00401d72 f   mfc42d:MFC42D.DLL
 0001:00000d78       ?GetEventSinkMap@CCmdTarget@@MBEPBUAFX_EVENTSINKMAP@@XZ 00401d78 f   mfc42d:MFC42D.DLL
 0001:00000d7e       ?GetInterfaceMap@CCmdTarget@@MBEPBUAFX_INTERFACEMAP@@XZ 00401d7e f   mfc42d:MFC42D.DLL
 0001:00000d84       ?GetConnectionMap@CCmdTarget@@MBEPBUAFX_CONNECTIONMAP@@XZ 00401d84 f   mfc42d:MFC42D.DLL
 0001:00000d8a       ?GetDispatchMap@CCmdTarget@@MBEPBUAFX_DISPMAP@@XZ 00401d8a f   mfc42d:MFC42D.DLL
 0001:00000d90       ?GetCommandMap@CCmdTarget@@MBEPBUAFX_OLECMDMAP@@XZ 00401d90 f   mfc42d:MFC42D.DLL
 0001:00000d96       ?GetTypeLib@CCmdTarget@@UAEJKPAPAUITypeLib@@@Z 00401d96 f   mfc42d:MFC42D.DLL
 0001:00000d9c       ?GetTypeLibCache@CCmdTarget@@UAEPAVCTypeLibCache@@XZ 00401d9c f   mfc42d:MFC42D.DLL
 0001:00000da2       ?GetTypeInfoCount@CCmdTarget@@UAEIXZ 00401da2 f   mfc42d:MFC42D.DLL
 0001:00000da8       ?GetDispatchIID@CCmdTarget@@UAEHPAU_GUID@@@Z 00401da8 f   mfc42d:MFC42D.DLL
 0001:00000dae       ?IsInvokeAllowed@CCmdTarget@@UAEHJ@Z 00401dae f   mfc42d:MFC42D.DLL
 0001:00000db4       ?OnFinalRelease@CCmdTarget@@UAEXXZ 00401db4 f   mfc42d:MFC42D.DLL
 0001:00000dba       ?OnCmdMsg@CCmdTarget@@UAEHIHPAXPAUAFX_CMDHANDLERINFO@@@Z 00401dba f   mfc42d:MFC42D.DLL
 0001:00000dc0       ?Dump@CWinApp@@UBEXAAVCDumpContext@@@Z 00401dc0 f   mfc42d:MFC42D.DLL
 0001:00000dc6       ?AssertValid@CWinApp@@UBEXXZ 00401dc6 f   mfc42d:MFC42D.DLL
 0001:00000dcc       ?Serialize@CObject@@UAEXAAVCArchive@@@Z 00401dcc f   mfc42d:MFC42D.DLL
 0001:00000dd2       ?GetRuntimeClass@CWinApp@@UBEPAUCRuntimeClass@@XZ 00401dd2 f   mfc42d:MFC42D.DLL
 0001:00000dd8       ??0CWinApp@@QAE@PBD@Z      00401dd8 f   mfc42d:MFC42D.DLL
 0001:00000dde       ??3CObject@@SGXPAX@Z       00401dde f   mfc42d:MFC42D.DLL
 0001:00000de4       ??1CWinApp@@UAE@XZ         00401de4 f   mfc42d:MFC42D.DLL
 0001:00000dea       ?DoModal@CDialog@@UAEHXZ   00401dea f   mfc42d:MFC42D.DLL
 0001:00000df0       ?Enable3dControls@CWinApp@@IAEHXZ 00401df0 f   mfc42d:MFC42D.DLL
 0001:00000df6       ??1CDialog@@UAE@XZ         00401df6 f   mfc42d:MFC42D.DLL
 0001:00000dfc       ??1CComboBox@@UAE@XZ       00401dfc f   mfc42d:MFC42D.DLL
 0001:00000e02       ??1CString@@QAE@XZ         00401e02 f   mfc42d:MFC42D.DLL
 0001:00000e08       ?PreInitDialog@CDialog@@MAEXXZ 00401e08 f   mfc42d:MFC42D.DLL
 0001:00000e0e       ?OnCancel@CDialog@@MAEXXZ  00401e0e f   mfc42d:MFC42D.DLL
 0001:00000e14       ?OnOK@CDialog@@MAEXXZ      00401e14 f   mfc42d:MFC42D.DLL
 0001:00000e1a       ?OnSetFont@CDialog@@UAEXPAVCFont@@@Z 00401e1a f   mfc42d:MFC42D.DLL
 0001:00000e20       ?OnInitDialog@CDialog@@UAEHXZ 00401e20 f   mfc42d:MFC42D.DLL
 0001:00000e26       ?SetOccDialogInfo@CDialog@@MAEHPAU_AFX_OCC_DIALOG_INFO@@@Z 00401e26 f   mfc42d:MFC42D.DLL
 0001:00000e2c       ?IsFrameWnd@CWnd@@UBEHXZ   00401e2c f   mfc42d:MFC42D.DLL
 0001:00000e32       ?CheckAutoCenter@CDialog@@UAEHXZ 00401e32 f   mfc42d:MFC42D.DLL
 0001:00000e38       ?OnChildNotify@CWnd@@MAEHIIJPAJ@Z 00401e38 f   mfc42d:MFC42D.DLL
 0001:00000e3e       ?PostNcDestroy@CWnd@@MAEXXZ 00401e3e f   mfc42d:MFC42D.DLL
 0001:00000e44       ?DefWindowProcA@CWnd@@MAEJIIJ@Z 00401e44 f   mfc42d:MFC42D.DLL
 0001:00000e4a       ?OnWndMsg@CWnd@@MAEHIIJPAJ@Z 00401e4a f   mfc42d:MFC42D.DLL
 0001:00000e50       ?WindowProc@CWnd@@MAEJIIJ@Z 00401e50 f   mfc42d:MFC42D.DLL
 0001:00000e56       ?OnAmbientProperty@CWnd@@UAEHPAVCOleControlSite@@JPAUtagVARIANT@@@Z 00401e56 f   mfc42d:MFC42D.DLL
 0001:00000e5c       ?PreTranslateMessage@CDialog@@UAEHPAUtagMSG@@@Z 00401e5c f   mfc42d:MFC42D.DLL
 0001:00000e62       ?EndModalState@CWnd@@UAEXXZ 00401e62 f   mfc42d:MFC42D.DLL
 0001:00000e68       ?BeginModalState@CWnd@@UAEXXZ 00401e68 f   mfc42d:MFC42D.DLL
 0001:00000e6e       ?GetSuperWndProcAddr@CWnd@@MAEPAP6GJPAUHWND__@@IIJ@ZXZ 00401e6e f   mfc42d:MFC42D.DLL
 0001:00000e74       ?OnNotify@CWnd@@MAEHIJPAJ@Z 00401e74 f   mfc42d:MFC42D.DLL
 0001:00000e7a       ?OnCommand@CWnd@@MAEHIJ@Z  00401e7a f   mfc42d:MFC42D.DLL
 0001:00000e80       ?EndModalLoop@CWnd@@UAEXH@Z 00401e80 f   mfc42d:MFC42D.DLL
 0001:00000e86       ?ContinueModal@CWnd@@UAEHXZ 00401e86 f   mfc42d:MFC42D.DLL
 0001:00000e8c       ?WinHelpA@CWnd@@UAEXKI@Z   00401e8c f   mfc42d:MFC42D.DLL
 0001:00000e92       ?GetScrollBarCtrl@CWnd@@UBEPAVCScrollBar@@H@Z 00401e92 f   mfc42d:MFC42D.DLL
 0001:00000e98       ?OnToolHitTest@CWnd@@UBEHVCPoint@@PAUtagTOOLINFOA@@@Z 00401e98 f   mfc42d:MFC42D.DLL
 0001:00000e9e       ?CalcWindowRect@CWnd@@UAEXPAUtagRECT@@I@Z 00401e9e f   mfc42d:MFC42D.DLL
 0001:00000ea4       ?PreCreateWindow@CWnd@@UAEHAAUtagCREATESTRUCTA@@@Z 00401ea4 f   mfc42d:MFC42D.DLL
 0001:00000eaa       ?DestroyWindow@CWnd@@UAEHXZ 00401eaa f   mfc42d:MFC42D.DLL
 0001:00000eb0       ?Create@CWnd@@UAEHPBD0KABUtagRECT@@PAV1@IPAUCCreateContext@@@Z 00401eb0 f   mfc42d:MFC42D.DLL
 0001:00000eb6       ?PreSubclassWindow@CWnd@@UAEXXZ 00401eb6 f   mfc42d:MFC42D.DLL
 0001:00000ebc       ?OnFinalRelease@CWnd@@UAEXXZ 00401ebc f   mfc42d:MFC42D.DLL
 0001:00000ec2       ?OnCmdMsg@CDialog@@UAEHIHPAXPAUAFX_CMDHANDLERINFO@@@Z 00401ec2 f   mfc42d:MFC42D.DLL
 0001:00000ec8       ?Dump@CDialog@@UBEXAAVCDumpContext@@@Z 00401ec8 f   mfc42d:MFC42D.DLL
 0001:00000ece       ?AssertValid@CDialog@@UBEXXZ 00401ece f   mfc42d:MFC42D.DLL
 0001:00000ed4       ?GetRuntimeClass@CDialog@@UBEPAUCRuntimeClass@@XZ 00401ed4 f   mfc42d:MFC42D.DLL
 0001:00000eda       ??0CDialog@@QAE@IPAVCWnd@@@Z 00401eda f   mfc42d:MFC42D.DLL
 0001:00000ee0       ?DoDataExchange@CWnd@@MAEXPAVCDataExchange@@@Z 00401ee0 f   mfc42d:MFC42D.DLL
 0001:00000ee6       ?LoadIconA@CWinApp@@QBEPAUHICON__@@I@Z 00401ee6 f   mfc42d:MFC42D.DLL
 0001:00000eec       ?AfxGetApp@@YGPAVCWinApp@@XZ 00401eec f   mfc42d:MFC42D.DLL
 0001:00000ef2       ??4CString@@QAEABV0@PBD@Z  00401ef2 f   mfc42d:MFC42D.DLL
 0001:00000ef8       ??0CString@@QAE@XZ         00401ef8 f   mfc42d:MFC42D.DLL
 0001:00000efe       ??0CComboBox@@QAE@XZ       00401efe f   mfc42d:MFC42D.DLL
 0001:00000f04       ?DDX_Text@@YGXPAVCDataExchange@@HAAVCString@@@Z 00401f04 f   mfc42d:MFC42D.DLL
 0001:00000f0a       ?DDX_Control@@YGXPAVCDataExchange@@HAAVCWnd@@@Z 00401f0a f   mfc42d:MFC42D.DLL
 0001:00000f10       ?SetIcon@CWnd@@QAEPAUHICON__@@PAU2@H@Z 00401f10 f   mfc42d:MFC42D.DLL
 0001:00000f16       ??BCString@@QBEPBDXZ       00401f16 f   mfc42d:MFC42D.DLL
 0001:00000f1c       ?AppendMenuA@CMenu@@QAEHIIPBD@Z 00401f1c f   mfc42d:MFC42D.DLL
 0001:00000f22       ?IsEmpty@CString@@QBEHXZ   00401f22 f   mfc42d:MFC42D.DLL
 0001:00000f28       ?LoadStringA@CString@@QAEHI@Z 00401f28 f   mfc42d:MFC42D.DLL
 0001:00000f2e       ?GetSystemMenu@CWnd@@QBEPAVCMenu@@H@Z 00401f2e f   mfc42d:MFC42D.DLL
 0001:00000f34       ?OnSysCommand@CWnd@@IAEXIJ@Z 00401f34 f   mfc42d:MFC42D.DLL
 0001:00000f3a       ?OnPaint@CWnd@@IAEXXZ      00401f3a f   mfc42d:MFC42D.DLL
 0001:00000f40       ??1CPaintDC@@UAE@XZ        00401f40 f   mfc42d:MFC42D.DLL
 0001:00000f46       ?DrawIcon@CDC@@QAEHHHPAUHICON__@@@Z 00401f46 f   mfc42d:MFC42D.DLL
 0001:00000f4c       ?Height@CRect@@QBEHXZ      00401f4c f   mfc42d:MFC42D.DLL
 0001:00000f52       ?Width@CRect@@QBEHXZ       00401f52 f   mfc42d:MFC42D.DLL
 0001:00000f58       ?GetClientRect@CWnd@@QBEXPAUtagRECT@@@Z 00401f58 f   mfc42d:MFC42D.DLL
 0001:00000f5e       ??0CRect@@QAE@XZ           00401f5e f   mfc42d:MFC42D.DLL
 0001:00000f64       ?SendMessageA@CWnd@@QAEJIIJ@Z 00401f64 f   mfc42d:MFC42D.DLL
 0001:00000f6a       ?GetSafeHdc@CDC@@QBEPAUHDC__@@XZ 00401f6a f   mfc42d:MFC42D.DLL
 0001:00000f70       ??0CPaintDC@@QAE@PAVCWnd@@@Z 00401f70 f   mfc42d:MFC42D.DLL
 0001:00000f76       ?IsIconic@CWnd@@QBEHXZ     00401f76 f   mfc42d:MFC42D.DLL
 0001:00000f7c       ??4CString@@QAEABV0@PBE@Z  00401f7c f   mfc42d:MFC42D.DLL
 0001:00000f82       ?UpdateData@CWnd@@QAEHH@Z  00401f82 f   mfc42d:MFC42D.DLL
 0001:00000f88       ?GetLength@CString@@QBEHXZ 00401f88 f   mfc42d:MFC42D.DLL
 0001:00000f8e       ?GetBuffer@CString@@QAEPADH@Z 00401f8e f   mfc42d:MFC42D.DLL
 0001:00000f94       ??2@YAPAXIPBDH@Z           00401f94 f   mfc42d:MFC42D.DLL
 0001:00000f9a       __chkesp                   00401f9a f   msvcrtd:MSVCRTD.dll
 0001:00000fa0       __onexit                   00401fa0 f   msvcrtd:atonexit.obj
 0001:00000fe0       _atexit                    00401fe0 f   msvcrtd:atonexit.obj
 0001:00000ff8       ___CxxFrameHandler         00401ff8 f   msvcrtd:MSVCRTD.dll
 0001:00001000       _WinMainCRTStartup         00402000 f   msvcrtd:crtexew.obj
 0001:000011fa       ___dllonexit               004021fa f   msvcrtd:MSVCRTD.dll
 0001:00001200       __exit                     00402200 f   msvcrtd:MSVCRTD.dll
 0001:00001206       __XcptFilter               00402206 f   msvcrtd:MSVCRTD.dll
 0001:0000120c       _exit                      0040220c f   msvcrtd:MSVCRTD.dll
 0001:00001212       ___getmainargs             00402212 f   msvcrtd:MSVCRTD.dll
 0001:00001218       __initterm                 00402218 f   msvcrtd:MSVCRTD.dll
 0001:00001220       __setdefaultprecision      00402220 f   msvcrtd:fp8.obj
 0001:00001238       ___setusermatherr          00402238 f   msvcrtd:MSVCRTD.dll
 0001:00001240       __matherr                  00402240 f   msvcrtd:merr.obj
 0001:00001250       __setargv                  00402250 f   msvcrtd:dllargv.obj
 0001:00001256       ___p__commode              00402256 f   msvcrtd:MSVCRTD.dll
 0001:0000125c       ___p__fmode                0040225c f   msvcrtd:MSVCRTD.dll
 0001:00001262       ___set_app_type            00402262 f   msvcrtd:MSVCRTD.dll
 0001:00001268       __except_handler3          00402268 f   msvcrtd:MSVCRTD.dll
 0001:0000126e       __controlfp                0040226e f   msvcrtd:MSVCRTD.dll
 0001:00001274       _GetModuleHandleA@4        00402274 f   kernel32:KERNEL32.dll
 0001:0000127a       _GetStartupInfoA@4         0040227a f   kernel32:KERNEL32.dll
 0001:00001280       _GetSystemMetrics@4        00402280 f   user32:USER32.dll
 0001:00001286       ?AfxEnableControlContainer@@YAXPAVCOccManager@@@Z 00402286 f   mfco42d:MFCO42D.DLL
 0001:00001290       _WinMain@16                00402290 f   mfcs42d:appmodul.obj
 0001:000012b0       ?AfxInitialize@@YGHHK@Z    004022b0 f   mfcs42d:appmodul.obj
 0001:00001346       __setmbcp                  00402346 f   msvcrtd:MSVCRTD.dll
 0001:0000134c       ?AfxWinMain@@YGHPAUHINSTANCE__@@0PADH@Z 0040234c f   mfc42d:MFC42D.DLL
 0001:00001352       ?AfxAssertFailedLine@@YGHPBDH@Z 00402352 f   mfc42d:MFC42D.DLL
 0001:00001358       ?AfxGetModuleState@@YGPAVAFX_MODULE_STATE@@XZ 00402358 f   mfc42d:MFC42D.DLL
 0002:00000020       ?messageMap@CIDNDemoApp@@1UAFX_MSGMAP@@B 00405020     IDNDemo.obj
 0002:00000028       ?_messageEntries@CIDNDemoApp@@0QBUAFX_MSGMAP_ENTRY@@B 00405028     IDNDemo.obj
 0002:00000064       ??_7CIDNDemoApp@@6B@       00405064     IDNDemo.obj
 0002:00000128       ?messageMap@CAboutDlg@@1UAFX_MSGMAP@@B 00405128     IDNDemoDlg.obj
 0002:00000130       ?_messageEntries@CAboutDlg@@0QBUAFX_MSGMAP_ENTRY@@B 00405130     IDNDemoDlg.obj
 0002:00000148       ?messageMap@CIDNDemoDlg@@1UAFX_MSGMAP@@B 00405148     IDNDemoDlg.obj
 0002:00000150       ?_messageEntries@CIDNDemoDlg@@0QBUAFX_MSGMAP_ENTRY@@B 00405150     IDNDemoDlg.obj
 0002:00000204       ??_7CAboutDlg@@6B@         00405204     IDNDemoDlg.obj
 0002:00000308       ??_7CIDNDemoDlg@@6B@       00405308     IDNDemoDlg.obj
 0002:00000410       _IID_IDocHostUIHandlerDispatch 00405410     mfcs42d:stdafx.obj
 0002:00000420       _IID_IInternalConnection   00405420     mfcs42d:stdafx.obj
 0002:00000430       _IID_IAxWinAmbientDispatch 00405430     mfcs42d:stdafx.obj
 0002:00000440       _IID_IAxWinHostWindow      00405440     mfcs42d:stdafx.obj
 0002:00000450       _IID_IRegistrar            00405450     mfcs42d:stdafx.obj
 0002:00000460       _CLSID_Registrar           00405460     mfcs42d:stdafx.obj
 0002:00000470       _LIBID_ATLLib              00405470     mfcs42d:stdafx.obj
 0003:00000000       ___xc_a                    00406000     msvcrtd:cinitexe.obj
 0003:0000030c       ___xc_z                    0040630c     msvcrtd:cinitexe.obj
 0003:00000410       ___xi_a                    00406410     msvcrtd:cinitexe.obj
 0003:00000514       ___xi_z                    00406514     msvcrtd:cinitexe.obj
 0003:00000690       ?bTag@@3EA                 00406690     IDNDemoDlg.obj
 0003:000006a8       ?GUID_ATLVer30@ATL@@3U_GUID@@A 004066a8     mfcs42d:stdafx.obj
 0003:000006c0       ___defaultmatherr          004066c0     msvcrtd:merr.obj
 0003:000007e0       ?theApp@@3VCIDNDemoApp@@A  004067e0     IDNDemo.obj
 0003:000008d4       __afxForceEXCLUDE          004068d4     mfcs42d:nolib.obj
 0003:000008d8       ?ATL_CREATE_OBJECT@CComApartment@ATL@@2IA 004068d8     mfcs42d:stdafx.obj
 0003:000008e0       ?m_libid@CComModule@ATL@@2U_GUID@@A 004068e0     mfcs42d:stdafx.obj
 0003:000008f0       ?_pModule@ATL@@3PAVCComModule@1@A 004068f0     mfcs42d:stdafx.obj
 0003:000008f4       __afxForceSTDAFX           004068f4     mfcs42d:stdafx.obj
 0003:000008f8       __dowildcard               004068f8     msvcrtd:wildcard.obj
 0003:000008fc       __newmode                  004068fc     msvcrtd:_newmode.obj
 0003:00000900       __commode                  00406900     msvcrtd:xncommod.obj
 0003:00000904       __fmode                    00406904     msvcrtd:xtxtmode.obj
 0003:00000908       ?_afxInitAppState@@3DA     00406908     mfcs42d:appmodul.obj
 0003:0000090c       __adjust_fdiv              0040690c     <common>
 0003:00000918       ___onexitend               00406918     <common>
 0003:00000928       ___onexitbegin             00406928     <common>
 0004:00000000       __IMPORT_DESCRIPTOR_RigolTMCUsb_UI 00407000     RigolUSBTMC:RigolTMCUsb_UI.dll
 0004:00000014       __IMPORT_DESCRIPTOR_MFC42D 00407014     mfc42d:MFC42D.DLL
 0004:00000028       __IMPORT_DESCRIPTOR_MSVCRTD 00407028     msvcrtd:MSVCRTD.dll
 0004:0000003c       __IMPORT_DESCRIPTOR_KERNEL32 0040703c     kernel32:KERNEL32.dll
 0004:00000050       __IMPORT_DESCRIPTOR_USER32 00407050     user32:USER32.dll
 0004:00000064       __IMPORT_DESCRIPTOR_MFCO42D 00407064     mfco42d:MFCO42D.DLL
 0004:00000078       __NULL_IMPORT_DESCRIPTOR   00407078     RigolUSBTMC:RigolTMCUsb_UI.dll
 0004:0000043c       __imp__GetModuleHandleA@4  0040743c     kernel32:KERNEL32.dll
 0004:00000440       __imp__GetStartupInfoA@4   00407440     kernel32:KERNEL32.dll
 0004:00000444       \177KERNEL32_NULL_THUNK_DATA 00407444     kernel32:KERNEL32.dll
 0004:00000470       __imp_?AfxWinMain@@YGHPAUHINSTANCE__@@0PADH@Z 00407470     mfc42d:MFC42D.DLL
 0004:00000474       __imp_?OnHelp@CWinApp@@IAEXXZ 00407474     mfc42d:MFC42D.DLL
 0004:00000478       __imp_?messageMap@CWinApp@@1UAFX_MSGMAP@@B 00407478     mfc42d:MFC42D.DLL
 0004:0000047c       __imp_?WinHelpA@CWinApp@@UAEXKI@Z 0040747c     mfc42d:MFC42D.DLL
 0004:00000480       __imp_?OnDDECommand@CWinApp@@UAEHPAD@Z 00407480     mfc42d:MFC42D.DLL
 0004:00000484       __imp_?DoWaitCursor@CWinApp@@UAEXH@Z 00407484     mfc42d:MFC42D.DLL
 0004:00000488       __imp_?DoMessageBox@CWinApp@@UAEHPBDII@Z 00407488     mfc42d:MFC42D.DLL
 0004:0000048c       __imp_?SaveAllModified@CWinApp@@UAEHXZ 0040748c     mfc42d:MFC42D.DLL
 0004:00000490       __imp_?InitApplication@CWinApp@@UAEHXZ 00407490     mfc42d:MFC42D.DLL
 0004:00000494       __imp_?AddToRecentFileList@CWinApp@@UAEXPBD@Z 00407494     mfc42d:MFC42D.DLL
 0004:00000498       __imp_?OpenDocumentFile@CWinApp@@UAEPAVCDocument@@PBD@Z 00407498     mfc42d:MFC42D.DLL
 0004:0000049c       __imp_?Delete@CWinThread@@UAEXXZ 0040749c     mfc42d:MFC42D.DLL
 0004:000004a0       __imp_?GetMainWnd@CWinThread@@UAEPAVCWnd@@XZ 004074a0     mfc42d:MFC42D.DLL
 0004:000004a4       __imp_?ProcessMessageFilter@CWinThread@@UAEHHPAUtagMSG@@@Z 004074a4     mfc42d:MFC42D.DLL
 0004:000004a8       __imp_?ProcessWndProcException@CWinApp@@UAEJPAVCException@@PBUtagMSG@@@Z 004074a8     mfc42d:MFC42D.DLL
 0004:000004ac       __imp_?ExitInstance@CWinApp@@UAEHXZ 004074ac     mfc42d:MFC42D.DLL
 0004:000004b0       __imp_?IsIdleMessage@CWinThread@@UAEHPAUtagMSG@@@Z 004074b0     mfc42d:MFC42D.DLL
 0004:000004b4       __imp_?OnIdle@CWinApp@@UAEHJ@Z 004074b4     mfc42d:MFC42D.DLL
 0004:000004b8       __imp_?PumpMessage@CWinThread@@UAEHXZ 004074b8     mfc42d:MFC42D.DLL
 0004:000004bc       __imp_?PreTranslateMessage@CWinThread@@UAEHPAUtagMSG@@@Z 004074bc     mfc42d:MFC42D.DLL
 0004:000004c0       __imp_?Run@CWinApp@@UAEHXZ 004074c0     mfc42d:MFC42D.DLL
 0004:000004c4       __imp_?GetConnectionHook@CCmdTarget@@MAEPAUIConnectionPoint@@ABU_GUID@@@Z 004074c4     mfc42d:MFC42D.DLL
 0004:000004c8       __imp_?GetExtraConnectionPoints@CCmdTarget@@MAEHPAVCPtrArray@@@Z 004074c8     mfc42d:MFC42D.DLL
 0004:000004cc       __imp_?GetInterfaceHook@CCmdTarget@@UAEPAUIUnknown@@PBX@Z 004074cc     mfc42d:MFC42D.DLL
 0004:000004d0       __imp_?OnCreateAggregates@CCmdTarget@@UAEHXZ 004074d0     mfc42d:MFC42D.DLL
 0004:000004d4       __imp_?GetEventSinkMap@CCmdTarget@@MBEPBUAFX_EVENTSINKMAP@@XZ 004074d4     mfc42d:MFC42D.DLL
 0004:000004d8       __imp_?GetInterfaceMap@CCmdTarget@@MBEPBUAFX_INTERFACEMAP@@XZ 004074d8     mfc42d:MFC42D.DLL
 0004:000004dc       __imp_?GetConnectionMap@CCmdTarget@@MBEPBUAFX_CONNECTIONMAP@@XZ 004074dc     mfc42d:MFC42D.DLL
 0004:000004e0       __imp_?GetDispatchMap@CCmdTarget@@MBEPBUAFX_DISPMAP@@XZ 004074e0     mfc42d:MFC42D.DLL
 0004:000004e4       __imp_?GetCommandMap@CCmdTarget@@MBEPBUAFX_OLECMDMAP@@XZ 004074e4     mfc42d:MFC42D.DLL
 0004:000004e8       __imp_?GetTypeLib@CCmdTarget@@UAEJKPAPAUITypeLib@@@Z 004074e8     mfc42d:MFC42D.DLL
 0004:000004ec       __imp_?GetTypeLibCache@CCmdTarget@@UAEPAVCTypeLibCache@@XZ 004074ec     mfc42d:MFC42D.DLL
 0004:000004f0       __imp_?GetTypeInfoCount@CCmdTarget@@UAEIXZ 004074f0     mfc42d:MFC42D.DLL
 0004:000004f4       __imp_?GetDispatchIID@CCmdTarget@@UAEHPAU_GUID@@@Z 004074f4     mfc42d:MFC42D.DLL
 0004:000004f8       __imp_?IsInvokeAllowed@CCmdTarget@@UAEHJ@Z 004074f8     mfc42d:MFC42D.DLL
 0004:000004fc       __imp_?OnFinalRelease@CCmdTarget@@UAEXXZ 004074fc     mfc42d:MFC42D.DLL
 0004:00000500       __imp_?OnCmdMsg@CCmdTarget@@UAEHIHPAXPAUAFX_CMDHANDLERINFO@@@Z 00407500     mfc42d:MFC42D.DLL
 0004:00000504       __imp_?Dump@CWinApp@@UBEXAAVCDumpContext@@@Z 00407504     mfc42d:MFC42D.DLL
 0004:00000508       __imp_?AssertValid@CWinApp@@UBEXXZ 00407508     mfc42d:MFC42D.DLL
 0004:0000050c       __imp_?Serialize@CObject@@UAEXAAVCArchive@@@Z 0040750c     mfc42d:MFC42D.DLL
 0004:00000510       __imp_?GetRuntimeClass@CWinApp@@UBEPAUCRuntimeClass@@XZ 00407510     mfc42d:MFC42D.DLL
 0004:00000514       __imp_??0CWinApp@@QAE@PBD@Z 00407514     mfc42d:MFC42D.DLL
 0004:00000518       __imp_??3CObject@@SGXPAX@Z 00407518     mfc42d:MFC42D.DLL
 0004:0000051c       __imp_??1CWinApp@@UAE@XZ   0040751c     mfc42d:MFC42D.DLL
 0004:00000520       __imp_?DoModal@CDialog@@UAEHXZ 00407520     mfc42d:MFC42D.DLL
 0004:00000524       __imp_?Enable3dControls@CWinApp@@IAEHXZ 00407524     mfc42d:MFC42D.DLL
 0004:00000528       __imp_??1CDialog@@UAE@XZ   00407528     mfc42d:MFC42D.DLL
 0004:0000052c       __imp_??1CComboBox@@UAE@XZ 0040752c     mfc42d:MFC42D.DLL
 0004:00000530       __imp_??1CString@@QAE@XZ   00407530     mfc42d:MFC42D.DLL
 0004:00000534       __imp_?PreInitDialog@CDialog@@MAEXXZ 00407534     mfc42d:MFC42D.DLL
 0004:00000538       __imp_?OnCancel@CDialog@@MAEXXZ 00407538     mfc42d:MFC42D.DLL
 0004:0000053c       __imp_?OnOK@CDialog@@MAEXXZ 0040753c     mfc42d:MFC42D.DLL
 0004:00000540       __imp_?OnSetFont@CDialog@@UAEXPAVCFont@@@Z 00407540     mfc42d:MFC42D.DLL
 0004:00000544       __imp_?OnInitDialog@CDialog@@UAEHXZ 00407544     mfc42d:MFC42D.DLL
 0004:00000548       __imp_?SetOccDialogInfo@CDialog@@MAEHPAU_AFX_OCC_DIALOG_INFO@@@Z 00407548     mfc42d:MFC42D.DLL
 0004:0000054c       __imp_?IsFrameWnd@CWnd@@UBEHXZ 0040754c     mfc42d:MFC42D.DLL
 0004:00000550       __imp_?CheckAutoCenter@CDialog@@UAEHXZ 00407550     mfc42d:MFC42D.DLL
 0004:00000554       __imp_?OnChildNotify@CWnd@@MAEHIIJPAJ@Z 00407554     mfc42d:MFC42D.DLL
 0004:00000558       __imp_?AfxAssertFailedLine@@YGHPBDH@Z 00407558     mfc42d:MFC42D.DLL
 0004:0000055c       __imp_?DefWindowProcA@CWnd@@MAEJIIJ@Z 0040755c     mfc42d:MFC42D.DLL
 0004:00000560       __imp_?OnWndMsg@CWnd@@MAEHIIJPAJ@Z 00407560     mfc42d:MFC42D.DLL
 0004:00000564       __imp_?WindowProc@CWnd@@MAEJIIJ@Z 00407564     mfc42d:MFC42D.DLL
 0004:00000568       __imp_?OnAmbientProperty@CWnd@@UAEHPAVCOleControlSite@@JPAUtagVARIANT@@@Z 00407568     mfc42d:MFC42D.DLL
 0004:0000056c       __imp_?PreTranslateMessage@CDialog@@UAEHPAUtagMSG@@@Z 0040756c     mfc42d:MFC42D.DLL
 0004:00000570       __imp_?EndModalState@CWnd@@UAEXXZ 00407570     mfc42d:MFC42D.DLL
 0004:00000574       __imp_?BeginModalState@CWnd@@UAEXXZ 00407574     mfc42d:MFC42D.DLL
 0004:00000578       __imp_?GetSuperWndProcAddr@CWnd@@MAEPAP6GJPAUHWND__@@IIJ@ZXZ 00407578     mfc42d:MFC42D.DLL
 0004:0000057c       __imp_?OnNotify@CWnd@@MAEHIJPAJ@Z 0040757c     mfc42d:MFC42D.DLL
 0004:00000580       __imp_?OnCommand@CWnd@@MAEHIJ@Z 00407580     mfc42d:MFC42D.DLL
 0004:00000584       __imp_?EndModalLoop@CWnd@@UAEXH@Z 00407584     mfc42d:MFC42D.DLL
 0004:00000588       __imp_?ContinueModal@CWnd@@UAEHXZ 00407588     mfc42d:MFC42D.DLL
 0004:0000058c       __imp_?WinHelpA@CWnd@@UAEXKI@Z 0040758c     mfc42d:MFC42D.DLL
 0004:00000590       __imp_?AfxGetModuleState@@YGPAVAFX_MODULE_STATE@@XZ 00407590     mfc42d:MFC42D.DLL
 0004:00000594       __imp_?OnToolHitTest@CWnd@@UBEHVCPoint@@PAUtagTOOLINFOA@@@Z 00407594     mfc42d:MFC42D.DLL
 0004:00000598       __imp_?CalcWindowRect@CWnd@@UAEXPAUtagRECT@@I@Z 00407598     mfc42d:MFC42D.DLL
 0004:0000059c       __imp_?PreCreateWindow@CWnd@@UAEHAAUtagCREATESTRUCTA@@@Z 0040759c     mfc42d:MFC42D.DLL
 0004:000005a0       __imp_?DestroyWindow@CWnd@@UAEHXZ 004075a0     mfc42d:MFC42D.DLL
 0004:000005a4       __imp_?Create@CWnd@@UAEHPBD0KABUtagRECT@@PAV1@IPAUCCreateContext@@@Z 004075a4     mfc42d:MFC42D.DLL
 0004:000005a8       __imp_?PreSubclassWindow@CWnd@@UAEXXZ 004075a8     mfc42d:MFC42D.DLL
 0004:000005ac       __imp_?OnFinalRelease@CWnd@@UAEXXZ 004075ac     mfc42d:MFC42D.DLL
 0004:000005b0       __imp_?OnCmdMsg@CDialog@@UAEHIHPAXPAUAFX_CMDHANDLERINFO@@@Z 004075b0     mfc42d:MFC42D.DLL
 0004:000005b4       __imp_?Dump@CDialog@@UBEXAAVCDumpContext@@@Z 004075b4     mfc42d:MFC42D.DLL
 0004:000005b8       __imp_?AssertValid@CDialog@@UBEXXZ 004075b8     mfc42d:MFC42D.DLL
 0004:000005bc       __imp_?GetRuntimeClass@CDialog@@UBEPAUCRuntimeClass@@XZ 004075bc     mfc42d:MFC42D.DLL
 0004:000005c0       __imp_??0CDialog@@QAE@IPAVCWnd@@@Z 004075c0     mfc42d:MFC42D.DLL
 0004:000005c4       __imp_?DoDataExchange@CWnd@@MAEXPAVCDataExchange@@@Z 004075c4     mfc42d:MFC42D.DLL
 0004:000005c8       __imp_?messageMap@CDialog@@1UAFX_MSGMAP@@B 004075c8     mfc42d:MFC42D.DLL
 0004:000005cc       __imp_?LoadIconA@CWinApp@@QBEPAUHICON__@@I@Z 004075cc     mfc42d:MFC42D.DLL
 0004:000005d0       __imp_?AfxGetApp@@YGPAVCWinApp@@XZ 004075d0     mfc42d:MFC42D.DLL
 0004:000005d4       __imp_??4CString@@QAEABV0@PBD@Z 004075d4     mfc42d:MFC42D.DLL
 0004:000005d8       __imp_??0CString@@QAE@XZ   004075d8     mfc42d:MFC42D.DLL
 0004:000005dc       __imp_??0CComboBox@@QAE@XZ 004075dc     mfc42d:MFC42D.DLL
 0004:000005e0       __imp_?DDX_Text@@YGXPAVCDataExchange@@HAAVCString@@@Z 004075e0     mfc42d:MFC42D.DLL
 0004:000005e4       __imp_?DDX_Control@@YGXPAVCDataExchange@@HAAVCWnd@@@Z 004075e4     mfc42d:MFC42D.DLL
 0004:000005e8       __imp_?SetIcon@CWnd@@QAEPAUHICON__@@PAU2@H@Z 004075e8     mfc42d:MFC42D.DLL
 0004:000005ec       __imp_??BCString@@QBEPBDXZ 004075ec     mfc42d:MFC42D.DLL
 0004:000005f0       __imp_?AppendMenuA@CMenu@@QAEHIIPBD@Z 004075f0     mfc42d:MFC42D.DLL
 0004:000005f4       __imp_?IsEmpty@CString@@QBEHXZ 004075f4     mfc42d:MFC42D.DLL
 0004:000005f8       __imp_?LoadStringA@CString@@QAEHI@Z 004075f8     mfc42d:MFC42D.DLL
 0004:000005fc       __imp_?GetSystemMenu@CWnd@@QBEPAVCMenu@@H@Z 004075fc     mfc42d:MFC42D.DLL
 0004:00000600       __imp_?OnSysCommand@CWnd@@IAEXIJ@Z 00407600     mfc42d:MFC42D.DLL
 0004:00000604       __imp_?OnPaint@CWnd@@IAEXXZ 00407604     mfc42d:MFC42D.DLL
 0004:00000608       __imp_??1CPaintDC@@UAE@XZ  00407608     mfc42d:MFC42D.DLL
 0004:0000060c       __imp_?DrawIcon@CDC@@QAEHHHPAUHICON__@@@Z 0040760c     mfc42d:MFC42D.DLL
 0004:00000610       __imp_?Height@CRect@@QBEHXZ 00407610     mfc42d:MFC42D.DLL
 0004:00000614       __imp_?Width@CRect@@QBEHXZ 00407614     mfc42d:MFC42D.DLL
 0004:00000618       __imp_?GetClientRect@CWnd@@QBEXPAUtagRECT@@@Z 00407618     mfc42d:MFC42D.DLL
 0004:0000061c       __imp_??0CRect@@QAE@XZ     0040761c     mfc42d:MFC42D.DLL
 0004:00000620       __imp_?SendMessageA@CWnd@@QAEJIIJ@Z 00407620     mfc42d:MFC42D.DLL
 0004:00000624       __imp_?GetSafeHdc@CDC@@QBEPAUHDC__@@XZ 00407624     mfc42d:MFC42D.DLL
 0004:00000628       __imp_??0CPaintDC@@QAE@PAVCWnd@@@Z 00407628     mfc42d:MFC42D.DLL
 0004:0000062c       __imp_?IsIconic@CWnd@@QBEHXZ 0040762c     mfc42d:MFC42D.DLL
 0004:00000630       __imp_??4CString@@QAEABV0@PBE@Z 00407630     mfc42d:MFC42D.DLL
 0004:00000634       __imp_?UpdateData@CWnd@@QAEHH@Z 00407634     mfc42d:MFC42D.DLL
 0004:00000638       __imp_?GetLength@CString@@QBEHXZ 00407638     mfc42d:MFC42D.DLL
 0004:0000063c       __imp_?GetBuffer@CString@@QAEPADH@Z 0040763c     mfc42d:MFC42D.DLL
 0004:00000640       __imp_??2@YAPAXIPBDH@Z     00407640     mfc42d:MFC42D.DLL
 0004:00000644       __imp_?PostNcDestroy@CWnd@@MAEXXZ 00407644     mfc42d:MFC42D.DLL
 0004:00000648       __imp_?GetScrollBarCtrl@CWnd@@UBEPAVCScrollBar@@H@Z 00407648     mfc42d:MFC42D.DLL
 0004:0000064c       \177MFC42D_NULL_THUNK_DATA 0040764c     mfc42d:MFC42D.DLL
 0004:000006d4       __imp_?AfxEnableControlContainer@@YAXPAVCOccManager@@@Z 004076d4     mfco42d:MFCO42D.DLL
 0004:000006d8       \177MFCO42D_NULL_THUNK_DATA 004076d8     mfco42d:MFCO42D.DLL
 0004:00000704       __imp___exit               00407704     msvcrtd:MSVCRTD.dll
 0004:00000708       __imp___XcptFilter         00407708     msvcrtd:MSVCRTD.dll
 0004:0000070c       __imp__exit                0040770c     msvcrtd:MSVCRTD.dll
 0004:00000710       __imp___acmdln             00407710     msvcrtd:MSVCRTD.dll
 0004:00000714       __imp____getmainargs       00407714     msvcrtd:MSVCRTD.dll
 0004:00000718       __imp___initterm           00407718     msvcrtd:MSVCRTD.dll
 0004:0000071c       __imp____setusermatherr    0040771c     msvcrtd:MSVCRTD.dll
 0004:00000720       __imp___adjust_fdiv        00407720     msvcrtd:MSVCRTD.dll
 0004:00000724       __imp___onexit             00407724     msvcrtd:MSVCRTD.dll
 0004:00000728       __imp____p__fmode          00407728     msvcrtd:MSVCRTD.dll
 0004:0000072c       __imp____set_app_type      0040772c     msvcrtd:MSVCRTD.dll
 0004:00000730       __imp___except_handler3    00407730     msvcrtd:MSVCRTD.dll
 0004:00000734       __imp___controlfp          00407734     msvcrtd:MSVCRTD.dll
 0004:00000738       __imp____CxxFrameHandler   00407738     msvcrtd:MSVCRTD.dll
 0004:0000073c       __imp___chkesp             0040773c     msvcrtd:MSVCRTD.dll
 0004:00000740       __imp___setmbcp            00407740     msvcrtd:MSVCRTD.dll
 0004:00000744       __imp____p__commode        00407744     msvcrtd:MSVCRTD.dll
 0004:00000748       __imp____dllonexit         00407748     msvcrtd:MSVCRTD.dll
 0004:0000074c       \177MSVCRTD_NULL_THUNK_DATA 0040774c     msvcrtd:MSVCRTD.dll
 0004:00000784       __imp__WriteUSB@20         00407784     RigolUSBTMC:RigolTMCUsb_UI.dll
 0004:00000788       __imp__GetTMCDeviceNum@0   00407788     RigolUSBTMC:RigolTMCUsb_UI.dll
 0004:0000078c       __imp__ReadUSB@12          0040778c     RigolUSBTMC:RigolTMCUsb_UI.dll
 0004:00000790       \177RigolTMCUsb_UI_NULL_THUNK_DATA 00407790     RigolUSBTMC:RigolTMCUsb_UI.dll
 0004:000007bc       __imp__GetSystemMetrics@4  004077bc     user32:USER32.dll
 0004:000007c0       \177USER32_NULL_THUNK_DATA 004077c0     user32:USER32.dll

 entry point at        0001:00001000


Line numbers for .\Debug\IDNDemoDlg.obj(E:\Bulbul\Command\Demo\VC6.0\IDNDemo\IDNDemoDlg.cpp) segment .text

    47 0001:00000400    50 0001:00000423    53 0001:00000434    54 0001:00000442
    57 0001:0000044e    59 0001:0000045e    59 0001:00000468    70 0001:0000047f
    72 0001:000004e1    75 0001:000004f4    76 0001:0000050e    79 0001:00000532
    80 0001:00000540    82 0001:0000054c    83 0001:00000561    85 0001:00000578
    87 0001:00000588    87 0001:00000592   101 0001:000005a9   102 0001:000005df
   107 0001:000005e7   108 0001:000005f4   110 0001:00000601   111 0001:0000060e
   113 0001:00000614   114 0001:00000623   115 0001:0000062d   117 0001:00000639
   118 0001:0000064a   120 0001:0000065f   124 0001:0000066e   125 0001:00000682
   129 0001:00000696   130 0001:0000069b   133 0001:000006b6   134 0001:000006e6
   136 0001:000006f3   137 0001:00000702   138 0001:0000070a   139 0001:00000719
   141 0001:0000071b   143 0001:0000072b   150 0001:00000746   151 0001:0000077d
   153 0001:00000790   155 0001:000007a6   158 0001:000007be   159 0001:000007d2
   160 0001:000007e6   161 0001:000007ee   162 0001:000007fd   163 0001:00000813
   166 0001:00000829   167 0001:00000846   168 0001:00000855   170 0001:00000857
   172 0001:00000862   177 0001:0000087f   178 0001:0000088d   179 0001:00000896
   182 0001:0000089a   185 0001:000008a8   188 0001:000008ac   191 0001:000008ba
   194 0001:000008be   201 0001:000008ef   202 0001:000008f6   205 0001:00000905
   206 0001:00000922   208 0001:0000093a   209 0001:0000095d   212 0001:0000095f
   219 0001:00000971   221 0001:0000097e   223 0001:0000098d   225 0001:000009cb
   229 0001:000009ff   232 0001:00000a1a   234 0001:00000a24   236 0001:00000a38
   245 0001:00000a42

Line numbers for .\Debug\IDNDemo.obj(E:\Bulbul\Command\Demo\VC6.0\IDNDemo\IDNDemo.cpp) segment .text

    17 0001:00000120    17 0001:0000012a    29 0001:00000141    32 0001:00000162
    37 0001:00000189    43 0001:000001ce    44 0001:00000207    52 0001:00000211
    57 0001:0000021c    58 0001:00000230    59 0001:0000023f    73 0001:0000024d
    74 0001:0000026f

Line numbers for D:\Program Files\Microsoft Visual Studio\VC98\MFC\LIB\mfcs42d.lib(appmodul.cpp) segment .text

    27 0001:00001290    29 0001:00001293    30 0001:000012a8    36 0001:000012b0
    37 0001:000012b7    38 0001:000012bf    39 0001:000012c8    42 0001:000012e8
    46 0001:000012f4    47 0001:000012fa    49 0001:00001305    50 0001:0000130a
    71 0001:00001330

Line numbers for D:\Program Files\Microsoft Visual Studio\VC98\LIB\msvcrtd.lib(dllargv.c) segment .text

    47 0001:00001250    49 0001:00001253

Line numbers for D:\Program Files\Microsoft Visual Studio\VC98\LIB\msvcrtd.lib(merr.c) segment .text

    32 0001:00001240    33 0001:00001243    34 0001:00001245

Line numbers for D:\Program Files\Microsoft Visual Studio\VC98\LIB\msvcrtd.lib(intel\fp8.c) segment .text

    18 0001:00001220    19 0001:00001223    20 0001:00001235

Line numbers for D:\Program Files\Microsoft Visual Studio\VC98\LIB\msvcrtd.lib(crtexe.c) segment .text

   175 0001:00001000   194 0001:00001026   199 0001:0000102d   209 0001:00001038
   214 0001:0000104c   215 0001:0000105a   222 0001:00001068   234 0001:00001075
   241 0001:0000107a   242 0001:00001083   245 0001:00001091   251 0001:00001096
   266 0001:000010a8   268 0001:000010b1   274 0001:000010d1   287 0001:000010e3
   290 0001:000010ee   296 0001:000010fa   301 0001:0000111c   302 0001:00001128
   304 0001:00001131   305 0001:00001133   306 0001:0000113f   312 0001:0000114a
   313 0001:00001161   314 0001:0000116a   316 0001:0000116c   317 0001:00001173
   330 0001:0000117d   343 0001:000011b6   345 0001:000011c0   350 0001:000011de
   354 0001:000011e8

Line numbers for D:\Program Files\Microsoft Visual Studio\VC98\LIB\msvcrtd.lib(atonexit.c) segment .text

    84 0001:00000fa0    89 0001:00000fa4    98 0001:00000fdb   103 0001:00000fe0
   104 0001:00000fe3   105 0001:00000ff6
