22:54:33 **** Incremental Build of configuration Debug for project SzymonPlayer ****
make -j7 all 
arm-none-eabi-gcc "../Core/Src/main.c" -mcpu=cortex-m3 -std=gnu11 -g3 -DUSE_HAL_DRIVER -DSTM32L152xB -DDEBUG -c -I../Core/Inc -I../Drivers/STM32L1xx_HAL_Driver/Inc -I../Drivers/STM32L1xx_HAL_Driver/Inc/Legacy -I../Drivers/CMSIS/Device/ST/STM32L1xx/Include -I../Drivers/CMSIS/Include -O0 -ffunction-sections -fdata-sections -Wall -fstack-usage -MMD -MP -MF"Core/Src/main.d" -MT"Core/Src/main.o" --specs=nano.specs -mfloat-abi=soft -mthumb -o "Core/Src/main.o"
../Core/Src/main.c: In function 'main':
../Core/Src/main.c:130:13: warning: unused variable 'a' [-Wunused-variable]
         int a = 1;
             ^
arm-none-eabi-gcc -o "SzymonPlayer.elf" @"objects.list"   -mcpu=cortex-m3 -T"/Users/user/Documents/GitHub/google_code_trunk/STM32CubeIDE/Wrokspace2/SzymonPlayer/STM32L152RBTX_FLASH.ld" --specs=nosys.specs -Wl,-Map="SzymonPlayer.map" -Wl,--gc-sections -static --specs=nano.specs -mfloat-abi=soft -mthumb -Wl,--start-group -lc -lm -Wl,--end-group
Finished building target: SzymonPlayer.elf
 
arm-none-eabi-objdump -h -S  SzymonPlayer.elf  > "SzymonPlayer.list"
arm-none-eabi-objcopy  -O binary  SzymonPlayer.elf  "SzymonPlayer.bin"
arm-none-eabi-size   SzymonPlayer.elf 
   text	   data	    bss	    dec	    hex	filename
   9300	     20	   1668	  10988	   2aec	SzymonPlayer.elf
Finished building: default.size.stdout
 
Finished building: SzymonPlayer.bin
 
Finished building: SzymonPlayer.list
 

22:54:33 Build Finished. 0 errors, 1 warnings. (took 349ms)

